uv : 2026-05-27 21:17:36.905 | INFO     | parvu.config.settings:load:116 - Settings loaded from user directory
At line:1 char:70
+ ... PYTHONIOENCODING = "utf-8"; uv run python _save_smoke.py 2>&1 | Out-F ...
+                                 ~~~~~~~~~~~~~~~~~~~~~~~~~~~~~~~~~
    + CategoryInfo          : NotSpecified: (2026-05-27 21:1... user directory:String) [], RemoteException
    + FullyQualifiedErrorId : NativeCommandError
 
2026-05-27 21:17:36.906 | INFO     | parvu.infrastructure.themes.manager:__init__:35 - ThemeManager initialized with 3 
built-in themes
2026-05-27 21:17:36.906 | INFO     | parvu.infrastructure.i18n.base:_initialize_locales:66 - Initialized 3 locales
2026-05-27 21:17:36.906 | INFO     | parvu.infrastructure.i18n.base:set_locale:72 - Locale set to: Azərbaycan (az)
2026-05-27 21:17:36.906 | INFO     | parvu.infrastructure.i18n.base:_initialize_locales:66 - Initialized 3 locales
2026-05-27 21:17:36.906 | INFO     | parvu.infrastructure.i18n.base:set_locale:72 - Locale set to: Azərbaycan (az)
2026-05-27 21:17:36.909 | INFO     | parvu.infrastructure.themes.manager:set_theme:93 - Theme set to: Excel
2026-05-27 21:17:36.909 | INFO     | parvu.services.container:__init__:56 - ServiceContainer initialized - Session: 
20260527_211736_cf1d595e
2026-05-27 21:17:37.020 | INFO     | parvu.presentation.main_window:_install_shortcuts:836 - [shortcuts] installed: 
Ctrl+Shift+F=Search, Ctrl+/=Shortcuts cheatsheet. Ctrl+F bound via Edit menu QAction.
2026-05-27 21:17:37.020 | INFO     | parvu.presentation.main_window:__init__:89 - MainWindow initialized
2026-05-27 21:17:37.021 | DEBUG    | parvu.core.file_adapters:get_adapter:92 - Selected adapter ParquetAdapter for 
C:\Temp\tmps2lk1fpp.parquet
2026-05-27 21:17:37.024 | INFO     | parvu.core.query_engine:__init__:73 - QueryEngine initialized: 
C:\Temp\tmps2lk1fpp.parquet, 5 rows, 1 pages
2026-05-27 21:17:37.024 | INFO     | parvu.presentation.main_window:_switch_tab:454 - Switched to tab 'tmps2lk1fpp' (5 
rows)
2026-05-27 21:17:37.042 | DEBUG    | parvu.core.dsl.catalog:register_tab:66 - Catalog registered tab 'tmps2lk1fpp' 
with 2 columns
2026-05-27 21:17:37.043 | DEBUG    | parvu.presentation.main_window:_load_page:523 - Loading page 1 for tab 
'tmps2lk1fpp'
2026-05-27 21:17:37.044 | INFO     | parvu.services.file_service:add_to_recents:45 - Added to recents: 
C:\Temp\tmps2lk1fpp.parquet
2026-05-27 21:17:37.045 | INFO     | parvu.presentation.main_window:_add_tab:429 - Tab added: tmps2lk1fpp ← 
C:\Temp\tmps2lk1fpp.parquet
2026-05-27 21:17:37.051 | DEBUG    | parvu.presentation.widgets.data_table:load_data:106 - DataTable loading 5 rows x 
2 cols
2026-05-27 21:17:37.053 | DEBUG    | parvu.presentation.main_window:_on_page_loaded:557 - Page 1 loaded: 5 rows, 
base_query=True
2026-05-27 21:17:37.349 | INFO     | parvu.core.query_engine:apply_transform:392 - Transform applied: 3 rows, 1 pages
2026-05-27 21:17:37.349 | DEBUG    | parvu.presentation.main_window:_load_page:523 - Loading page 1 for tab 
'tmps2lk1fpp'
2026-05-27 21:17:37.350 | INFO     | parvu.presentation.main_window:_apply_transform:1635 - Applied transform: SELECT 
* FROM (SELECT * FROM tmps2lk1fpp) QUALIFY ROW_NUMBER() OVER (PARTITION B...
2026-05-27 21:17:37.353 | DEBUG    | parvu.presentation.widgets.data_table:load_data:106 - DataTable loading 3 rows x 
2 cols
2026-05-27 21:17:37.354 | DEBUG    | parvu.presentation.main_window:_on_page_loaded:557 - Page 1 loaded: 3 rows, 
base_query=False
2026-05-27 21:17:37.652 | INFO     | parvu.presentation.main_window:_save_file:1102 - Saving to original file: 
C:\Temp\tmps2lk1fpp.parquet (edits=0, transforms=1)
2026-05-27 21:17:37.652 | INFO     | parvu.presentation.main_window:_do_save:1136 - Starting background save -> 
C:\Temp\tmps2lk1fpp.parquet (edits=0, transforms=1)
2026-05-27 21:17:37.660 | INFO     | parvu.core.edit_queue:write_source_file:221 - Saved 3 rows × 2 columns to 
C:\Temp\tmps2lk1fpp.parquet
2026-05-27 21:17:37.691 | INFO     | parvu.core.edit_queue:clear:102 - Edit queue cleared (0 edits discarded)
2026-05-27 21:17:37.692 | DEBUG    | parvu.core.file_adapters:get_adapter:92 - Selected adapter ParquetAdapter for 
C:\Temp\tmps2lk1fpp.parquet
2026-05-27 21:17:37.694 | INFO     | parvu.core.query_engine:__init__:73 - QueryEngine initialized: 
C:\Temp\tmps2lk1fpp.parquet, 3 rows, 1 pages
2026-05-27 21:17:37.695 | DEBUG    | parvu.presentation.main_window:_load_page:523 - Loading page 1 for tab 
'tmps2lk1fpp'
2026-05-27 21:17:37.699 | DEBUG    | parvu.presentation.widgets.data_table:load_data:106 - DataTable loading 3 rows x 
2 cols
2026-05-27 21:17:37.700 | DEBUG    | parvu.presentation.main_window:_on_page_loaded:557 - Page 1 loaded: 3 rows, 
base_query=True
